[note] addDependency/getDependencies/getDependents
  [pass] parentName must be non-empty
  [pass] parentName must not be 'self'
  [pass] addDependency works
  [pass] addDependency works the second time with same name
  [pass] addDependency works with same node but different name
  [pass] child.getDependency('parent').eq(parent)
  [pass] child.getDependency('parentAgain').eq(parent)
  [pass] child.getDependency('children') fails
  [pass] parent.getDependency('parent') fails
  [pass] parent.getDependency('children') fails
  [pass] child.getDependencies().parent.eq(parent)
  [pass] child.getDependencies().parentAgain.eq(parent)
[pass] addDependency/getDependencies/getDependents
