GlobalList
  Function( 'entry' ('entry'), void )
    ParamList
    CompoundStatement
      StatementList
        StatementList
          VarDecl( 'i', Integer )
        StatementList
          VarDecl( 'a', Integer[] )
        Report
          BinOp( ADD )
            BinOp( ADD )
              Var('a')
              ConstString( '; size ' )
            StructMemberOp( 'size' )
              Var('a')
        CStyleLoop
          ExprStatement
            AssignOp(ASSIGN_OP)
              Var('i')
              ConstSize( 0 )
          BinOp( LT )
            Var('i')
            ConstSize( 5 )
          UniOp( prefix ++ )
            Var('i')
          CompoundStatement
            StatementList
              ExprStatement
                MethodOp( 'push' )
                  Var('a')
                  ArgList
                    Var('i')
              Report
                BinOp( ADD )
                  BinOp( ADD )
                    Var('a')
                    ConstString( '; size ' )
                  StructMemberOp( 'size' )
                    Var('a')
        ExprStatement
          MethodOp( 'resize' )
            Var('a')
            ArgList
              ConstSize( 10 )
        Report
          BinOp( ADD )
            BinOp( ADD )
              Var('a')
              ConstString( '; size ' )
            StructMemberOp( 'size' )
              Var('a')
        CStyleLoop
          ExprStatement
            AssignOp(ASSIGN_OP)
              Var('i')
              ConstSize( 0 )
          BinOp( LT )
            Var('i')
            ConstSize( 5 )
          UniOp( prefix ++ )
            Var('i')
          CompoundStatement
            StatementList
              ExprStatement
                MethodOp( 'push' )
                  Var('a')
                  ArgList
                    Var('i')
              Report
                BinOp( ADD )
                  BinOp( ADD )
                    Var('a')
                    ConstString( '; size ' )
                  StructMemberOp( 'size' )
                    Var('a')
        CStyleLoop
          ExprStatement
            AssignOp(ASSIGN_OP)
              Var('i')
              ConstSize( 0 )
          BinOp( LT )
            Var('i')
            ConstSize( 15 )
          UniOp( prefix ++ )
            Var('i')
          CompoundStatement
            StatementList
              StatementList
                AssignedVarDecl( VarDecl( 'temp', Integer ), IndexOp )
                  IndexOp
                    Var('a')
                    BinOp( SUB )
                      ConstSize( 14 )
                      Var('i')
              ExprStatement
                AssignOp(ASSIGN_OP)
                  IndexOp
                    Var('a')
                    BinOp( SUB )
                      ConstSize( 14 )
                      Var('i')
                  IndexOp
                    Var('a')
                    Var('i')
              ExprStatement
                AssignOp(ASSIGN_OP)
                  IndexOp
                    Var('a')
                    Var('i')
                  Var('temp')
              Report
                BinOp( ADD )
                  BinOp( ADD )
                    Var('a')
                    ConstString( '; size ' )
                  StructMemberOp( 'size' )
                    Var('a')
        CStyleLoop
          ExprStatement
            AssignOp(ASSIGN_OP)
              Var('i')
              ConstSize( 0 )
          BinOp( LT )
            Var('i')
            ConstSize( 5 )
          UniOp( prefix ++ )
            Var('i')
          CompoundStatement
            StatementList
              Report
                MethodOp( 'pop' )
                  Var('a')
                  ArgList
              Report
                BinOp( ADD )
                  BinOp( ADD )
                    Var('a')
                    ConstString( '; size ' )
                  StructMemberOp( 'size' )
                    Var('a')
        ExprStatement
          MethodOp( 'resize' )
            Var('a')
            ArgList
              ConstSize( 5 )
        Report
          BinOp( ADD )
            BinOp( ADD )
              Var('a')
              ConstString( '; size ' )
            StructMemberOp( 'size' )
              Var('a')
        CStyleLoop
          ExprStatement
            AssignOp(ASSIGN_OP)
              Var('i')
              ConstSize( 0 )
          BinOp( LT )
            Var('i')
            ConstSize( 5 )
          UniOp( prefix ++ )
            Var('i')
          CompoundStatement
            StatementList
              Report
                MethodOp( 'pop' )
                  Var('a')
                  ArgList
              Report
                BinOp( ADD )
                  BinOp( ADD )
                    Var('a')
                    ConstString( '; size ' )
                  StructMemberOp( 'size' )
                    Var('a')
[]; size 0
[0]; size 1
[0,1]; size 2
[0,1,2]; size 3
[0,1,2,3]; size 4
[0,1,2,3,4]; size 5
[0,1,2,3,4,0,0,0,0,0]; size 10
[0,1,2,3,4,0,0,0,0,0,0]; size 11
[0,1,2,3,4,0,0,0,0,0,0,1]; size 12
[0,1,2,3,4,0,0,0,0,0,0,1,2]; size 13
[0,1,2,3,4,0,0,0,0,0,0,1,2,3]; size 14
[0,1,2,3,4,0,0,0,0,0,0,1,2,3,4]; size 15
[4,1,2,3,4,0,0,0,0,0,0,1,2,3,0]; size 15
[4,3,2,3,4,0,0,0,0,0,0,1,2,1,0]; size 15
[4,3,2,3,4,0,0,0,0,0,0,1,2,1,0]; size 15
[4,3,2,1,4,0,0,0,0,0,0,3,2,1,0]; size 15
[4,3,2,1,0,0,0,0,0,0,4,3,2,1,0]; size 15
[4,3,2,1,0,0,0,0,0,0,4,3,2,1,0]; size 15
[4,3,2,1,0,0,0,0,0,0,4,3,2,1,0]; size 15
[4,3,2,1,0,0,0,0,0,0,4,3,2,1,0]; size 15
[4,3,2,1,0,0,0,0,0,0,4,3,2,1,0]; size 15
[4,3,2,1,0,0,0,0,0,0,4,3,2,1,0]; size 15
[4,3,2,1,4,0,0,0,0,0,0,3,2,1,0]; size 15
[4,3,2,3,4,0,0,0,0,0,0,1,2,1,0]; size 15
[4,3,2,3,4,0,0,0,0,0,0,1,2,1,0]; size 15
[4,1,2,3,4,0,0,0,0,0,0,1,2,3,0]; size 15
[0,1,2,3,4,0,0,0,0,0,0,1,2,3,4]; size 15
4
[0,1,2,3,4,0,0,0,0,0,0,1,2,3]; size 14
3
[0,1,2,3,4,0,0,0,0,0,0,1,2]; size 13
2
[0,1,2,3,4,0,0,0,0,0,0,1]; size 12
1
[0,1,2,3,4,0,0,0,0,0,0]; size 11
0
[0,1,2,3,4,0,0,0,0,0]; size 10
[0,1,2,3,4]; size 5
4
[0,1,2,3]; size 4
3
[0,1,2]; size 3
2
[0,1]; size 2
1
[0]; size 1
0
[]; size 0
