GlobalList
  StructDecl( 'Vec3' )
    StructDeclMember( 'x', Scalar )
    StructDeclMember( 'y', Scalar )
    StructDeclMember( 'z', Scalar )
  Function( '' ('__construct_Vec3__Scalar__Scalar__Scalar'), void )
    ParamList
      Param( 'self', Vec3, l-value )
      Param( 'x', Scalar, r-value )
      Param( 'y', Scalar, r-value )
      Param( 'z', Scalar, r-value )
    CompoundStatement
      StatementList
        ExprStatement
          AssignOp(ASSIGN_OP)
            StructMemberOp( 'x' )
              Var('self')
            Var('x')
        ExprStatement
          AssignOp(ASSIGN_OP)
            StructMemberOp( 'y' )
              Var('self')
            Var('y')
        ExprStatement
          AssignOp(ASSIGN_OP)
            StructMemberOp( 'z' )
              Var('self')
            Var('z')
  Function( '' ('__operator_ADD__Vec3__Vec3'), Vec3:r-value )
    ParamList
      Param( 'lhs', Vec3, r-value )
      Param( 'rhs', Vec3, r-value )
    CompoundStatement
      StatementList
        StatementList
          VarDecl( 'result', Vec3 )
        ExprStatement
          AssignOp(ASSIGN_OP)
            StructMemberOp( 'x' )
              Var('result')
            BinOp( ADD )
              StructMemberOp( 'x' )
                Var('lhs')
              StructMemberOp( 'x' )
                Var('rhs')
        ExprStatement
          AssignOp(ASSIGN_OP)
            StructMemberOp( 'y' )
              Var('result')
            BinOp( ADD )
              StructMemberOp( 'y' )
                Var('lhs')
              StructMemberOp( 'y' )
                Var('rhs')
        ExprStatement
          AssignOp(ASSIGN_OP)
            StructMemberOp( 'z' )
              Var('result')
            BinOp( ADD )
              StructMemberOp( 'z' )
                Var('lhs')
              StructMemberOp( 'z' )
                Var('rhs')
        ReturnStatement
          Var('result')
  Function( 'entry' ('entry'), void )
    ParamList
    CompoundStatement
      StatementList
        StatementList
          InitializedVarDecl( VarDecl( 'lhs', Vec3 ), ArgList )
            ArgList
              ConstScalar( 1 )
              ConstScalar( 2 )
              ConstScalar( 3 )
          InitializedVarDecl( VarDecl( 'rhs', Vec3 ), ArgList )
            ArgList
              ConstScalar( 4 )
              ConstScalar( 5 )
              ConstScalar( 6 )
        Report
          BinOp( ADD )
            Var('lhs')
            Var('rhs')
{x:5,y:7,z:9}
