GlobalList
  Function( 'entry' ('entry'), void )
    ParamList
    CompoundStatement
      StatementList
        Report
          BinOp( ADD )
            CastNode( Byte )
              ConstSize( 1 )
            CastNode( Byte )
              ConstSize( 2 )
        Report
          BinOp( SUB )
            CastNode( Byte )
              ConstSize( 3 )
            CastNode( Byte )
              ConstSize( 4 )
        Report
          BinOp( MUL )
            CastNode( Byte )
              ConstSize( 6 )
            CastNode( Byte )
              ConstSize( 2 )
        Report
          BinOp( DIV )
            CastNode( Byte )
              ConstSize( 6 )
            CastNode( Byte )
              ConstSize( 2 )
        Report
          BinOp( MOD )
            CastNode( Byte )
              ConstSize( 11 )
            CastNode( Byte )
              ConstSize( 5 )
        StatementList
          AssignedVarDecl( VarDecl( 'x', Byte ), ConstSize( 4 ) )
            ConstSize( 4 )
        Report
          Var('x')
        ExprStatement
          AssignOp(ASSIGN_OP)
            Var('x')
            CastNode( Byte )
              ConstSize( 5 )
        Report
          Var('x')
        ExprStatement
          AssignOp(ASSIGN_OP_ADD)
            Var('x')
            CastNode( Byte )
              ConstSize( 2 )
        Report
          Var('x')
        ExprStatement
          AssignOp(ASSIGN_OP_SUB)
            Var('x')
            CastNode( Byte )
              ConstSize( 3 )
        Report
          Var('x')
        ExprStatement
          AssignOp(ASSIGN_OP_MUL)
            Var('x')
            CastNode( Byte )
              ConstSize( 12 )
        Report
          Var('x')
        ExprStatement
          AssignOp(ASSIGN_OP_DIV)
            Var('x')
            CastNode( Byte )
              ConstSize( 2 )
        Report
          Var('x')
        ExprStatement
          AssignOp(ASSIGN_OP_MOD)
            Var('x')
            CastNode( Byte )
              ConstSize( 5 )
        Report
          Var('x')
        Report
          BinOp( BIT_AND )
            CastNode( Byte )
              ConstSize( 7 )
            CastNode( Byte )
              ConstSize( 11 )
        Report
          BinOp( BIT_OR )
            CastNode( Byte )
              ConstSize( 7 )
            CastNode( Byte )
              ConstSize( 11 )
        Report
          BinOp( BIT_XOR )
            CastNode( Byte )
              ConstSize( 7 )
            CastNode( Byte )
              ConstSize( 11 )
        Report
          AndOp
            CastNode( Byte )
              ConstSize( 0 )
            CastNode( Byte )
              ConstSize( 11 )
        Report
          OrOp
            CastNode( Byte )
              ConstSize( 7 )
            CastNode( Byte )
              ConstSize( 0 )
3
255
12
3
1
4
5
7
4
48
24
4
3
15
12
0
7
