GlobalList
  Function( 'entry' ('entry'), void )
    ParamList
    CompoundStatement
      StatementList
        StatementList
          AssignedVarDecl( VarDecl( 'nb_points', Integer ), ConstSize( 3 ) )
            ConstSize( 3 )
        CStyleLoop
          AssignedVarDecl( VarDecl( 'i', Integer ), ConstSize( 0 ) )
            ConstSize( 0 )
          BinOp( LT )
            Var('i')
            Var('nb_points')
          UniOp( postfix ++ )
            Var('i')
          Report
            BinOp( DIV )
              TempValue( Scalar )
                ArgList
                  Var('i')
              TempValue( Scalar )
                ArgList
                  BinOp( SUB )
                    Var('nb_points')
                    ConstSize( 1 )
0
0.5
1
