GlobalList
  Function( 'entry' ('entry'), void )
    ParamList
    CompoundStatement
      StatementList
        Report
          ConstString( 'Scalar' )
        Report
          CastNode( Boolean )
            ConstScalar( 0 )
        Report
          CastNode( Boolean )
            ConstScalar( 4.5 )
Scalar
false
true
