GlobalList
  StructDecl( 'Struct' )
    MemberDecl( 'integer', Integer )
    MemberDecl( 'scalar', Scalar )
  Alias( 'StructArray', Struct[] )
  Alias( 'StructArrayArray', StructArray[] )
  Function( 'entry' ('entry'), void )
    ParamList
    CompoundStatement
      StatementList
        StatementList
          VarDecl( '_struct', Struct )
        ExprStatement
          AssignOp(ASSIGN_OP)
            StructMemberOp( 'integer' )
              Var('_struct')
            ConstSize( 42 )
        ExprStatement
          AssignOp(ASSIGN_OP)
            StructMemberOp( 'scalar' )
              Var('_struct')
            ConstScalar( 3.141 )
        StatementList
          VarDecl( 'structArray', StructArray )
        ExprStatement
          MethodOp( 'push' )
            Var('structArray')
            ArgList
              Var('_struct')
        StatementList
          VarDecl( 'structArrayArray', StructArrayArray )
        ExprStatement
          MethodOp( 'push' )
            Var('structArrayArray')
            ArgList
              Var('structArray')
        Report
          Var('structArrayArray')
[[{integer:42,scalar:3.141}]]
