GlobalList
  Function( 'check' ('check'), Scalar:r-value )
    ParamList
      Param( 'foo', Boolean, r-value )
    CompoundStatement
      StatementList
        StatementList
          AssignedVarDecl( VarDecl( 'bar', Boolean ), ConstBoolean( false ) )
            ConstBoolean( false )
        ConditionalStatement
          OrOp
            AndOp
              Var('foo')
              NotOp
                Var('bar')
            AndOp
              NotOp
                Var('foo')
              Var('bar')
          ReturnStatement
            ConstScalar( 1 )
          ReturnStatement
            ConstScalar( 0 )
  Function( 'entry' ('entry'), void )
    ParamList
    CompoundStatement
      StatementList
        Report
          Call('check')
            ArgList
              ConstBoolean( true )
1
