2:1: error: type 'Foo' already registered with a different definition
