GlobalList
  StructDecl( 'Foo' )
    StructDeclMember( 'bar', Integer[] )
  Function( 'entry' ('entry'), void )
    ParamList
    CompoundStatement
      StatementList
        StatementList
          VarDecl( 'baz', Foo[] )
        ExprStatement
          MethodOp( 'resize' )
            Var('baz')
            ArgList
              ConstSize( 1 )
        ExprStatement
          MethodOp( 'push' )
            StructMemberOp( 'bar' )
              IndexOp
                Var('baz')
                ConstSize( 0 )
            ArgList
              ConstSize( 20 )
        Report
          Var('baz')
[{bar:[20]}]
