GlobalList
  StructDecl( 'S' )
    MemberDecl( 'a', Integer[] )
    MemberDecl( 'b', Scalar )
  Function( 'getB' ('getB'), Scalar:r-value )
    ParamList
      Param( 's', S, r-value )
    CompoundStatement
      StatementList
        ReturnStatement
          StructMemberOp( 'b' )
            Var('s')
  Function( 'entry' ('entry'), void )
    ParamList
    CompoundStatement
      StatementList
        StatementList
          VarDecl( 's', S )
        ExprStatement
          MethodOp( 'push' )
            StructMemberOp( 'a' )
              Var('s')
            ArgList
              ConstSize( 17 )
        ExprStatement
          AssignOp(ASSIGN_OP)
            StructMemberOp( 'b' )
              Var('s')
            ConstScalar( 3.14 )
        Report
          Call('getB')
            ArgList
              Var('s')
3.14
