GlobalList
  Function( 'foo' ('foo'), Integer:r-value )
    ParamList
    CompoundStatement
      StatementList
        ReturnStatement
1:1: error: not all paths return a value
3:3: error: function must return a value
