9:3: error: binary operator '+' not supported for types 'S' and 'Integer'
