GlobalList
  Function( 'entry' ('entry'), void )
    ParamList
    CompoundStatement
      StatementList
        StatementList
          AssignedVarDecl( VarDecl( 'i', Size ), ConstSize( 0 ) )
            ConstSize( 0 )
        CStyleLoop
          CompoundStatement
            StatementList
              Report
                UniOp( prefix ++ )
                  Var('i')
              ConditionalStatement
                BinOp( EQ )
                  Var('i')
                  ConstSize( 10 )
                BreakStatement
1
2
3
4
5
6
7
8
9
10
