GlobalList
  Function( 'entry' ('entry'), void )
    ParamList
    CompoundStatement
      StatementList
        StatementList
          VarDecl( 'foo', Integer )
        ConditionalStatement
          ConstSize( 2 )
          ExprStatement
            AssignOp(ASSIGN_OP)
              Var('foo')
              ConstSize( 17 )
          ExprStatement
            AssignOp(ASSIGN_OP)
              Var('foo')
              ConstSize( 24 )
        Report
          Var('foo')
17
