GlobalList
  StructDecl( 'Vec3' )
    MemberDecl( 'x', Scalar )
    MemberDecl( 'y', Scalar )
    MemberDecl( 'z', Scalar )
  Function( '' ('__construct_Vec3__Scalar__Scalar__Scalar'), void )
    ParamList
      Param( 'self', Vec3, l-value )
      Param( 'x', Scalar, r-value )
      Param( 'y', Scalar, r-value )
      Param( 'z', Scalar, r-value )
    CompoundStatement
      StatementList
        ExprStatement
          AssignOp(ASSIGN_OP)
            StructMemberOp( 'x' )
              Var('self')
            Var('x')
        ExprStatement
          AssignOp(ASSIGN_OP)
            StructMemberOp( 'y' )
              Var('self')
            Var('y')
        ExprStatement
          AssignOp(ASSIGN_OP)
            StructMemberOp( 'z' )
              Var('self')
            Var('z')
  Function( '' ('__method_normSq__Vec3'), Scalar:r-value )
    ParamList
      Param( 'self', Vec3, r-value )
    CompoundStatement
      StatementList
        ReturnStatement
          BinOp( ADD )
            BinOp( ADD )
              BinOp( MUL )
                StructMemberOp( 'x' )
                  Var('self')
                StructMemberOp( 'x' )
                  Var('self')
              BinOp( MUL )
                StructMemberOp( 'y' )
                  Var('self')
                StructMemberOp( 'y' )
                  Var('self')
            BinOp( MUL )
              StructMemberOp( 'z' )
                Var('self')
              StructMemberOp( 'z' )
                Var('self')
  Function( 'entry' ('entry'), void )
    ParamList
    CompoundStatement
      StatementList
        StatementList
          InitializedVarDecl( VarDecl( 'vec3', Vec3 ), ArgList )
            ArgList
              ConstScalar( 1 )
              ConstScalar( 2 )
              ConstScalar( 3 )
        Report
          MethodOp( 'normSq' )
            Var('vec3')
            ArgList
14
