GlobalList
  Function( 'entry' ('entry'), void )
    ParamList
    CompoundStatement
      StatementList
        Report
          ConstSize( 3 )
3
