3:3: error: functions with no return types do not return values
