4.5
-4.5
false
6.8
-14.2
11.28
-1.72222
0.5
7.1
9.2
13.9
62.55
-52.125
-1.125
1.45
1.45
0
0
-0.531487
0.847066
2.39224
241.456
