GlobalList
  Function( 'reportString' ('reportString'), void )
    ParamList
      Param( 'string', String, r-value )
    CompoundStatement
      StatementList
        Report
          BinOp( ADD )
            BinOp( ADD )
              BinOp( ADD )
                BinOp( ADD )
                  ConstString( '\'' )
                  Var('string')
                ConstString( '\' (length ' )
              StructMemberOp( 'length' )
                Var('string')
            ConstString( ')' )
  Function( 'entry' ('entry'), void )
    ParamList
    CompoundStatement
      StatementList
        StatementList
          VarDecl( 'string', String )
        ExprStatement
          Call('reportString')
            ArgList
              Var('string')
        ExprStatement
          AssignOp(ASSIGN_OP)
            Var('string')
            ConstSize( 7 )
        ExprStatement
          Call('reportString')
            ArgList
              Var('string')
        ExprStatement
          AssignOp(ASSIGN_OP)
            Var('string')
            ConstSize( 14 )
        ExprStatement
          Call('reportString')
            ArgList
              Var('string')
        ExprStatement
          AssignOp(ASSIGN_OP_ADD)
            Var('string')
            ConstSize( 2 )
        ExprStatement
          Call('reportString')
            ArgList
              Var('string')
        ExprStatement
          AssignOp(ASSIGN_OP)
            Var('string')
            BinOp( ADD )
              Var('string')
              ConstSize( 9 )
        ExprStatement
          Call('reportString')
            ArgList
              Var('string')
        ExprStatement
          AssignOp(ASSIGN_OP_ADD)
            Var('string')
            ConstString( 'goo' )
        ExprStatement
          Call('reportString')
            ArgList
              Var('string')
        ExprStatement
          AssignOp(ASSIGN_OP_ADD)
            Var('string')
            ConstString( 'foo' )
        ExprStatement
          Call('reportString')
            ArgList
              Var('string')
'' (length 0)
'7' (length 1)
'14' (length 2)
'142' (length 3)
'1429' (length 4)
'1429goo' (length 7)
'1429goofoo' (length 10)
