1:5: error: no registered type or plugin named 'UnknownType'
2:5: error: no registered type or plugin named 'UnknownPlugin'
2:20: error: no registered type or plugin named 'AnotherUnknownType'
3:5: error: no registered type or plugin named 'AnotherUnknownPlugin'
