GlobalList
  StructDecl( 'Vec3' )
    StructDeclMember( 'x', Scalar )
    StructDeclMember( 'y', Scalar )
    StructDeclMember( 'z', Scalar )
  Function( 'entry' ('entry'), void )
    ParamList
    CompoundStatement
      StatementList
        StatementList
          VarDecl( 'a', Vec3 )
        ExprStatement
          AssignOp(ASSIGN_OP)
            StructMemberOp( 'x' )
              Var('a')
            ConstSize( 1 )
        Report
          StructMemberOp( 'x' )
            Var('a')
        ExprStatement
          AssignOp(ASSIGN_OP)
            StructMemberOp( 'y' )
              Var('a')
            ConstSize( 2 )
        Report
          StructMemberOp( 'y' )
            Var('a')
        ExprStatement
          AssignOp(ASSIGN_OP)
            StructMemberOp( 'z' )
              Var('a')
            ConstSize( 3 )
        Report
          StructMemberOp( 'z' )
            Var('a')
        StatementList
          AssignedVarDecl( VarDecl( 'b', Vec3 ), Var('a') )
            Var('a')
        Report
          StructMemberOp( 'x' )
            Var('b')
        Report
          StructMemberOp( 'y' )
            Var('b')
        Report
          StructMemberOp( 'z' )
            Var('b')
1
2
3
1
2
3
