GlobalList
  Function( 'entry' ('entry'), void )
    ParamList
    CompoundStatement
      StatementList
        StatementList
          AssignedVarDecl( VarDecl( 'i', Size ), ConstSize( 0 ) )
            ConstSize( 0 )
        CStyleLoop
          BinOp( LT )
            Var('i')
            ConstSize( 10 )
          Report
            UniOp( prefix ++ )
              Var('i')
1
2
3
4
5
6
7
8
9
10
